| .github/workflows/overbroad-permissions.yml:1:1:13:29 | name: O ... fixture | The Actions token grants 'contents' as a workflow-level write permission. Prefer job-scoped least-privilege permissions. |
| .github/workflows/overbroad-permissions.yml:11:5:13:29 | Job: validate | The Actions token grants 'contents' as a write permission without a matching write sink. Prefer job-scoped least-privilege permissions. |
| .github/workflows/security-permission-negative-controls.yml:11:5:18:2 | Job: unused-security-events | The Actions token grants 'security-events' as a write permission without a matching write sink. Prefer job-scoped least-privilege permissions. |
| .github/workflows/security-permission-negative-controls.yml:19:5:24:2 | Job: unrecognized-reusable-workflow | The Actions token grants 'security-events' as a write permission without a matching write sink. Prefer job-scoped least-privilege permissions. |
| .github/workflows/security-permission-negative-controls.yml:25:5:36:2 | Job: scorecard-without-publishing | The Actions token grants 'id-token' as a write permission without a matching write sink. Prefer job-scoped least-privilege permissions. |
| .github/workflows/security-permission-negative-controls.yml:37:5:40:34 | Job: broad-write | The Actions token grants 'actions' as a write permission without a matching write sink. Prefer job-scoped least-privilege permissions. |
| .github/workflows/security-permission-negative-controls.yml:37:5:40:34 | Job: broad-write | The Actions token grants 'attestations' as a write permission without a matching write sink. Prefer job-scoped least-privilege permissions. |
| .github/workflows/security-permission-negative-controls.yml:37:5:40:34 | Job: broad-write | The Actions token grants 'checks' as a write permission without a matching write sink. Prefer job-scoped least-privilege permissions. |
| .github/workflows/security-permission-negative-controls.yml:37:5:40:34 | Job: broad-write | The Actions token grants 'contents' as a write permission without a matching write sink. Prefer job-scoped least-privilege permissions. |
| .github/workflows/security-permission-negative-controls.yml:37:5:40:34 | Job: broad-write | The Actions token grants 'deployments' as a write permission without a matching write sink. Prefer job-scoped least-privilege permissions. |
| .github/workflows/security-permission-negative-controls.yml:37:5:40:34 | Job: broad-write | The Actions token grants 'discussions' as a write permission without a matching write sink. Prefer job-scoped least-privilege permissions. |
| .github/workflows/security-permission-negative-controls.yml:37:5:40:34 | Job: broad-write | The Actions token grants 'id-token' as a write permission without a matching write sink. Prefer job-scoped least-privilege permissions. |
| .github/workflows/security-permission-negative-controls.yml:37:5:40:34 | Job: broad-write | The Actions token grants 'issues' as a write permission without a matching write sink. Prefer job-scoped least-privilege permissions. |
| .github/workflows/security-permission-negative-controls.yml:37:5:40:34 | Job: broad-write | The Actions token grants 'packages' as a write permission without a matching write sink. Prefer job-scoped least-privilege permissions. |
| .github/workflows/security-permission-negative-controls.yml:37:5:40:34 | Job: broad-write | The Actions token grants 'pages' as a write permission without a matching write sink. Prefer job-scoped least-privilege permissions. |
| .github/workflows/security-permission-negative-controls.yml:37:5:40:34 | Job: broad-write | The Actions token grants 'pull-requests' as a write permission without a matching write sink. Prefer job-scoped least-privilege permissions. |
| .github/workflows/security-permission-negative-controls.yml:37:5:40:34 | Job: broad-write | The Actions token grants 'repository-projects' as a write permission without a matching write sink. Prefer job-scoped least-privilege permissions. |
| .github/workflows/security-permission-negative-controls.yml:37:5:40:34 | Job: broad-write | The Actions token grants 'security-events' as a write permission without a matching write sink. Prefer job-scoped least-privilege permissions. |
| .github/workflows/security-permission-negative-controls.yml:37:5:40:34 | Job: broad-write | The Actions token grants 'statuses' as a write permission without a matching write sink. Prefer job-scoped least-privilege permissions. |
